
> pta-agency@0.1.0 build
> next build

Γû▓ Next.js 16.1.6 (Turbopack)

  Creating an optimized production build ...
node.exe : 
At C:\Program Files\nod
ejs\npm.ps1:29 char:3
+   & $NODE_EXE 
$NPM_CLI_JS $args
+   ~~~~~~~~~~~~~~~~~~~
~~~~~~~~~~
    + CategoryInfo     
         : NotSpecifi  
  ed: (:String) [],    
 RemoteException
    + FullyQualifiedEr 
   rorId : NativeComm  
  andError
 
> Build error occurred
Error: Turbopack build 
failed with 3 errors:
./src/lib/utils.ts:1:1
Module not found: 
Can't resolve 'clsx'
[0m[31m[1m>[22m[39
m[90m 1 |[39m 
[36mimport[39m { 
clsx[33m,[39m type 
[33mClassValue[39m } 
[36mfrom[39m [32m"cl
sx"[39m[33m;[39m
 [90m   |[39m [31m[
1m^[22m[39m[31m[1m^
[22m[39m[31m[1m^[2
2m[39m[31m[1m^[22m
[39m[31m[1m^[22m[39
m[31m[1m^[22m[39m[
31m[1m^[22m[39m[31m
[1m^[22m[39m[31m[1
m^[22m[39m[31m[1m^
[22m[39m[31m[1m^[22
m[39m[31m[1m^[22m[
39m[31m[1m^[22m[39m
[31m[1m^[22m[39m[3
1m[1m^[22m[39m[31m
[1m^[22m[39m[31m[1m
^[22m[39m[31m[1m^[
22m[39m[31m[1m^[22m
[39m[31m[1m^[22m[3
9m[31m[1m^[22m[39m
[31m[1m^[22m[39m[31
m[1m^[22m[39m[31m[
1m^[22m[39m[31m[1m^
[22m[39m[31m[1m^[2
2m[39m[31m[1m^[22m
[39m[31m[1m^[22m[39
m[31m[1m^[22m[39m[
31m[1m^[22m[39m[31m
[1m^[22m[39m[31m[1
m^[22m[39m[31m[1m^
[22m[39m[31m[1m^[22
m[39m[31m[1m^[22m[
39m[31m[1m^[22m[39m
[31m[1m^[22m[39m[3
1m[1m^[22m[39m[31m
[1m^[22m[39m[31m[1m
^[22m[39m[31m[1m^[
22m[39m[31m[1m^[22m
[39m[31m[1m^[22m[3
9m[31m[1m^[22m[39m
[31m[1m^[22m[39m
 [90m 2 |[39m 
[36mimport[39m { 
twMerge } 
[36mfrom[39m [32m"ta
ilwind-merge"[39m[33m
;[39m
 [90m 3 |[39m
 [90m 4 |[39m 
[90m/**[39m[0m



Import trace:
  Server Component:
    ./src/lib/utils.ts
    ./src/components/ui
/Button.tsx
    ./src/components/la
yout/FAQ.tsx
    ./src/app/page.tsx

https://nextjs.org/docs
/messages/module-not-fo
und


./src/components/layout
/Services.tsx:3:1
Module not found: 
Can't resolve 
'lucide-react'
[0m [90m 1 |[39m 
[36mimport[39m { 
[33mSection[39m } 
[36mfrom[39m [32m"@/
components/layout/Secti
on"[39m[33m;[39m
 [90m 2 |[39m 
[36mimport[39m { [33
mCard[39m[33m,[39m 
[33mCardContent[39m[3
3m,[39m [33mCardDescr
iption[39m[33m,[39m 
[33mCardHeader[39m[3
3m,[39m 
[33mCardTitle[39m } 
[36mfrom[39m [32m"@/
components/ui/Card"[39
m[33m;[39m
[31m[1m>[22m[39m[9
0m 3 |[39m 
[36mimport[39m { [33
mVideo[39m[33m,[39m 
[33mSparkles[39m[33m
,[39m [33mHeadset[39
m[33m,[39m [33mUsers
[39m[33m,[39m [33mC
pu[39m[33m,[39m 
[33mFileText[39m } 
[36mfrom[39m [32m"lu
cide-react"[39m[33m;
[39m
 [90m   |[39m [31m[
1m^[22m[39m[31m[1m^
[22m[39m[31m[1m^[2
2m[39m[31m[1m^[22m
[39m[31m[1m^[22m[39
m[31m[1m^[22m[39m[
31m[1m^[22m[39m[31m
[1m^[22m[39m[31m[1
m^[22m[39m[31m[1m^
[22m[39m[31m[1m^[22
m[39m[31m[1m^[22m[
39m[31m[1m^[22m[39m
[31m[1m^[22m[39m[3
1m[1m^[22m[39m[31m
[1m^[22m[39m[31m[1m
^[22m[39m[31m[1m^[
22m[39m[31m[1m^[22m
[39m[31m[1m^[22m[3
9m[31m[1m^[22m[39m
[31m[1m^[22m[39m[31
m[1m^[22m[39m[31m[
1m^[22m[39m[31m[1m^
[22m[39m[31m[1m^[2
2m[39m[31m[1m^[22m
[39m[31m[1m^[22m[39
m[31m[1m^[22m[39m[
31m[1m^[22m[39m[31m
[1m^[22m[39m[31m[1
m^[22m[39m[31m[1m^
[22m[39m[31m[1m^[22
m[39m[31m[1m^[22m[
39m[31m[1m^[22m[39m
[31m[1m^[22m[39m[3
1m[1m^[22m[39m[31m
[1m^[22m[39m[31m[1m
^[22m[39m[31m[1m^[
22m[39m[31m[1m^[22m
[39m[31m[1m^[22m[3
9m[31m[1m^[22m[39m
[31m[1m^[22m[39m[31
m[1m^[22m[39m[31m[
1m^[22m[39m[31m[1m^
[22m[39m[31m[1m^[2
2m[39m[31m[1m^[22m
[39m[31m[1m^[22m[39
m[31m[1m^[22m[39m[
31m[1m^[22m[39m[31m
[1m^[22m[39m[31m[1
m^[22m[39m[31m[1m^
[22m[39m[31m[1m^[22
m[39m[31m[1m^[22m[
39m[31m[1m^[22m[39m
[31m[1m^[22m[39m[3
1m[1m^[22m[39m[31m
[1m^[22m[39m[31m[1m
^[22m[39m[31m[1m^[
22m[39m[31m[1m^[22m
[39m[31m[1m^[22m[3
9m[31m[1m^[22m[39m
[31m[1m^[22m[39m[31
m[1m^[22m[39m[31m[
1m^[22m[39m[31m[1m^
[22m[39m[31m[1m^[2
2m[39m[31m[1m^[22m
[39m[31m[1m^[22m[39
m[31m[1m^[22m[39m[
31m[1m^[22m[39m[31m
[1m^[22m[39m[31m[1
m^[22m[39m
 [90m 4 |[39m
 [90m 5 |[39m 
[36mexport[39m 
[36mfunction[39m 
[33mServices[39m() {
 [90m 6 |[39m   
[36mconst[39m 
services [33m=[39m 
[[0m



Import trace:
  Server Component:
    ./src/components/la
yout/Services.tsx
    ./src/app/page.tsx

https://nextjs.org/docs
/messages/module-not-fo
und


./src/lib/utils.ts:2:1
Module not found: 
Can't resolve 
'tailwind-merge'
[0m [90m 1 |[39m 
[36mimport[39m { 
clsx[33m,[39m type 
[33mClassValue[39m } 
[36mfrom[39m [32m"cl
sx"[39m[33m;[39m
[31m[1m>[22m[39m[9
0m 2 |[39m 
[36mimport[39m { 
twMerge } 
[36mfrom[39m [32m"ta
ilwind-merge"[39m[33m
;[39m
 [90m   |[39m [31m[
1m^[22m[39m[31m[1m^
[22m[39m[31m[1m^[2
2m[39m[31m[1m^[22m
[39m[31m[1m^[22m[39
m[31m[1m^[22m[39m[
31m[1m^[22m[39m[31m
[1m^[22m[39m[31m[1
m^[22m[39m[31m[1m^
[22m[39m[31m[1m^[22
m[39m[31m[1m^[22m[
39m[31m[1m^[22m[39m
[31m[1m^[22m[39m[3
1m[1m^[22m[39m[31m
[1m^[22m[39m[31m[1m
^[22m[39m[31m[1m^[
22m[39m[31m[1m^[22m
[39m[31m[1m^[22m[3
9m[31m[1m^[22m[39m
[31m[1m^[22m[39m[31
m[1m^[22m[39m[31m[
1m^[22m[39m[31m[1m^
[22m[39m[31m[1m^[2
2m[39m[31m[1m^[22m
[39m[31m[1m^[22m[39
m[31m[1m^[22m[39m[
31m[1m^[22m[39m[31m
[1m^[22m[39m[31m[1
m^[22m[39m[31m[1m^
[22m[39m[31m[1m^[22
m[39m[31m[1m^[22m[
39m[31m[1m^[22m[39m
[31m[1m^[22m[39m[3
1m[1m^[22m[39m[31m
[1m^[22m[39m[31m[1m
^[22m[39m[31m[1m^[
22m[39m
 [90m 3 |[39m
 [90m 4 |[39m 
[90m/**[39m
 [90m 5 |[39m [90m 
* Utility function to 
cleanly merge Tailwind 
classes [39m[0m



Import trace:
  Server Component:
    ./src/lib/utils.ts
    ./src/components/ui
/Button.tsx
    ./src/components/la
yout/FAQ.tsx
    ./src/app/page.tsx

https://nextjs.org/docs
/messages/module-not-fo
und


    at <unknown> (./src
/lib/utils.ts:1:1)
    at <unknown> (https
://nextjs.org/docs/mess
ages/module-not-found)
    at <unknown> (./src
/components/layout/Serv
ices.tsx:3:1)
    at <unknown> (https
://nextjs.org/docs/mess
ages/module-not-found)
    at <unknown> (./src
/lib/utils.ts:2:1)
    at <unknown> (https
://nextjs.org/docs/mess
ages/module-not-found)
